// Jest Snapshot v1, https://goo.gl/fbAQLP

exports[`snapshot test for pagination snapshot:  1`] = `null`;
